ℹ [10308/10329] Replayed Jsp108.Pruning
info: Jsp108/Pruning.lean:139:0: 'Jsp108.core_of_dense_card' depends on axioms: [propext, Classical.choice, Quot.sound]
ℹ [10311/10329] Replayed Jsp108.Asymptotic
info: Jsp108/Asymptotic.lean:82:0: 'Jsp108.not_subpolynomial_eventually_of_dense_transfer' depends on axioms: [propext, Classical.choice, Quot.sound]
info: Jsp108/Asymptotic.lean:83:0: 'Jsp108.not_subpolynomial_of_dense_transfer' depends on axioms: [propext, Classical.choice, Quot.sound]
⚠ [10312/10329] Replayed Jsp108.Reduction
warning: Jsp108/Reduction.lean:19:13: Variable name `hδ` is not explicitly referenced.

Hint: The binding can be removed (if unused) or named `_` (if used implicitly). Alternatively, prefix the name with `_` to silence this warning:
  [apply] _hδ

Note: This linter can be disabled with `set_option linter.unusedVariables false`
ℹ [10316/10329] Replayed Jsp108.CountTransport
info: Jsp108/CountTransport.lean:85:0: 'Jsp108.li_count_eq_unitDist' depends on axioms: [propext, Classical.choice, Quot.sound]
info: Jsp108/CountTransport.lean:86:0: 'Jsp108.li_count_attained' depends on axioms: [propext, Classical.choice, Quot.sound]
info: Jsp108/CountTransport.lean:87:0: 'Jsp108.polynomial_growth_of_li_main' depends on axioms: [propext, Classical.choice, Quot.sound]
⚠ [10318/10329] Replayed ErdosUnitDistance.Internal.NumberFields.OverlapArea
warning: ErdosUnitDistance/Internal/NumberFields/OverlapArea.lean:65:8: try 'simp' instead of 'simpa'

Note: This linter can be disabled with `set_option linter.unnecessarySimpa false`
warning: ErdosUnitDistance/Internal/NumberFields/OverlapArea.lean:94:16: This simp argument is unused:
  pow_two

Hint: Omit it from the simp argument list.
  [apply] simp [Pi.sub_apply, id_eq]

Note: This linter can be disabled with `set_option linter.unusedSimpArgs false`
warning: ErdosUnitDistance/Internal/NumberFields/OverlapArea.lean:94:25: This simp argument is unused:
  Pi.sub_apply

Hint: Omit it from the simp argument list.
  [apply] simp [pow_two, id_eq]

Note: This linter can be disabled with `set_option linter.unusedSimpArgs false`
warning: ErdosUnitDistance/Internal/NumberFields/OverlapArea.lean:109:47: Unused tactic linter: `simp [add_assoc]` does nothing

Note: This linter can be disabled with `set_option linter.unusedTactic false`
warning: ErdosUnitDistance/Internal/NumberFields/OverlapArea.lean:109:47: this tactic is never executed

Note: This linter can be disabled with `set_option linter.unreachableTactic false`
warning: ErdosUnitDistance/Internal/NumberFields/OverlapArea.lean:93:86: Used `tac1 <;> tac2` where `(tac1; tac2)` would suffice

Note: This linter can be disabled with `set_option linter.unnecessarySeqFocus false`
warning: ErdosUnitDistance/Internal/NumberFields/OverlapArea.lean:105:53: Used `tac1 <;> tac2` where `(tac1; tac2)` would suffice

Note: This linter can be disabled with `set_option linter.unnecessarySeqFocus false`
warning: ErdosUnitDistance/Internal/NumberFields/OverlapArea.lean:464:8: try 'simp' instead of 'simpa'

Note: This linter can be disabled with `set_option linter.unnecessarySimpa false`
⚠ [10319/10329] Replayed ErdosUnitDistance.Internal.Section2Base
warning: ErdosUnitDistance/Internal/Section2Base.lean:2:0: Use RingTheory.RamificationInertia.Basic
'Mathlib.NumberTheory.RamificationInertia.Basic' has been deprecated: please replace this import by

import Mathlib.LinearAlgebra.Dimension.DivisionRing
import Mathlib.NumberTheory.RamificationInertia.Inertia
import Mathlib.NumberTheory.RamificationInertia.Ramification
import Mathlib.RingTheory.Ideal.Norm.AbsNorm
warning: ErdosUnitDistance/Internal/Section2Base.lean:2:0: 'Mathlib.RingTheory.ClassGroup' has been deprecated: please replace this import by

import Mathlib.RingTheory.ClassGroup.Basic
warning: ErdosUnitDistance/Internal/Section2Base.lean:2:0: 'Mathlib.Data.Finite.Card' has been deprecated: please replace this import by

import Mathlib.SetTheory.Cardinal.NatCard
warning: ErdosUnitDistance/Internal/Section2Base.lean:206:2: `push_neg` has been deprecated. Prefer using `push Not` instead.
If you'd rather continue using `push_neg` in your project, you can implement it as follows:
```
open Lean.Parser.Tactic in
macro "push_neg" cfg:optConfig loc:(location)? : tactic =>
  `(tactic| push $cfg:optConfig Not $[$loc]?)
```
warning: ErdosUnitDistance/Internal/Section2Base.lean:308:2: Try this: 
  letI̵

The goal is a proposition, so `let` is preferred over `letI`.
The difference between `let` and `letI` is that `letI` inlines the value.
But this is not relevant for proofs because of proof irrelevance.

Note: This linter can be disabled with `set_option linter.style.haveILetI false`
warning: ErdosUnitDistance/Internal/Section2Base.lean:542:4: Try this: 
  letI̵

The goal is a proposition, so `let` is preferred over `letI`.
The difference between `let` and `letI` is that `letI` inlines the value.
But this is not relevant for proofs because of proof irrelevance.

Note: This linter can be disabled with `set_option linter.style.haveILetI false`
warning: ErdosUnitDistance/Internal/Section2Base.lean:543:4: Try this: 
  letI̵

The goal is a proposition, so `let` is preferred over `letI`.
The difference between `let` and `letI` is that `letI` inlines the value.
But this is not relevant for proofs because of proof irrelevance.

Note: This linter can be disabled with `set_option linter.style.haveILetI false`
warning: ErdosUnitDistance/Internal/Section2Base.lean:595:2: Try this: 
  letI̵

The goal is a proposition, so `let` is preferred over `letI`.
The difference between `let` and `letI` is that `letI` inlines the value.
But this is not relevant for proofs because of proof irrelevance.

Note: This linter can be disabled with `set_option linter.style.haveILetI false`
warning: ErdosUnitDistance/Internal/Section2Base.lean:678:23: This simp argument is unused:
  mul_assoc

Hint: Omit it from the simp argument list.
  [apply] simp [u, hQK_ne]

Note: This linter can be disabled with `set_option linter.unusedSimpArgs false`
warning: ErdosUnitDistance/Internal/Section2Base.lean:695:2: Try this: 
  letI̵

The goal is a proposition, so `let` is preferred over `letI`.
The difference between `let` and `letI` is that `letI` inlines the value.
But this is not relevant for proofs because of proof irrelevance.

Note: This linter can be disabled with `set_option linter.style.haveILetI false`
warning: ErdosUnitDistance/Internal/Section2Base.lean:792:55: This simp argument is unused:
  mul_assoc

Hint: Omit it from the simp argument list.
  [apply] simp [b, cR, AdmissibleDatum.Φ, Complex.real_smul]

Note: This linter can be disabled with `set_option linter.unusedSimpArgs false`
warning: ErdosUnitDistance/Internal/Section2Base.lean:815:27: This simp argument is unused:
  mul_assoc

Hint: Omit it from the simp argument list.
  [apply] simp [φ, y, map_mul]

Note: This linter can be disabled with `set_option linter.unusedSimpArgs false`
warning: ErdosUnitDistance/Internal/Section2Base.lean:837:19: This simp argument is unused:
  mul_assoc

Hint: Omit it from the simp argument list.
  [apply] simp [map_mul, mul_left_comm, mul_comm]

Note: This linter can be disabled with `set_option linter.unusedSimpArgs false`
warning: ErdosUnitDistance/Internal/Section2Base.lean:837:45: This simp argument is unused:
  mul_comm

Hint: Omit it from the simp argument list.
  [apply] simp [map_mul, mul_assoc, mul_left_comm]

Note: This linter can be disabled with `set_option linter.unusedSimpArgs false`
warning: ErdosUnitDistance/Internal/Section2Base.lean:872:25: This simp argument is unused:
  mul_left_comm

Hint: Omit it from the simp argument list.
  [apply] simp [mul_assoc, mul_comm]

Note: This linter can be disabled with `set_option linter.unusedSimpArgs false`
warning: ErdosUnitDistance/Internal/Section2Base.lean:931:6: try 'simp' instead of 'simpa'

Note: This linter can be disabled with `set_option linter.unnecessarySimpa false`
warning: ErdosUnitDistance/Internal/Section2Base.lean:1010:26: try 'simp' instead of 'simpa'

Note: This linter can be disabled with `set_option linter.unnecessarySimpa false`
warning: ErdosUnitDistance/Internal/Section2Base.lean:1055:4: Try this: 
  letI̵

The goal is a proposition, so `let` is preferred over `letI`.
The difference between `let` and `letI` is that `letI` inlines the value.
But this is not relevant for proofs because of proof irrelevance.

Note: This linter can be disabled with `set_option linter.style.haveILetI false`
warning: ErdosUnitDistance/Internal/Section2Base.lean:1069:4: Try this: 
  letI̵

The goal is a proposition, so `let` is preferred over `letI`.
The difference between `let` and `letI` is that `letI` inlines the value.
But this is not relevant for proofs because of proof irrelevance.

Note: This linter can be disabled with `set_option linter.style.haveILetI false`
warning: ErdosUnitDistance/Internal/Section2Base.lean:1087:6: Try this: 
  letI̵

The goal is a proposition, so `let` is preferred over `letI`.
The difference between `let` and `letI` is that `letI` inlines the value.
But this is not relevant for proofs because of proof irrelevance.

Note: This linter can be disabled with `set_option linter.style.haveILetI false`
warning: ErdosUnitDistance/Internal/Section2Base.lean:1061:44: This simp argument is unused:
  add_left_comm

Hint: Omit it from the simp argument list.
  [apply] simp [τ, sub_eq_add_neg, add_assoc, add_comm]

Note: This linter can be disabled with `set_option linter.unusedSimpArgs false`
warning: ErdosUnitDistance/Internal/Section2Base.lean:1061:59: This simp argument is unused:
  add_comm

Hint: Omit it from the simp argument list.
  [apply] simp [τ, sub_eq_add_neg, add_assoc, add_left_comm]

Note: This linter can be disabled with `set_option linter.unusedSimpArgs false`
warning: ErdosUnitDistance/Internal/Section2Base.lean:1077:41: This simp argument is unused:
  add_left_comm

Hint: Omit it from the simp argument list.
  [apply] simp [sub_eq_add_neg, add_assoc, add_comm]

Note: This linter can be disabled with `set_option linter.unusedSimpArgs false`
warning: ErdosUnitDistance/Internal/Section2Base.lean:1077:56: This simp argument is unused:
  add_comm

Hint: Omit it from the simp argument list.
  [apply] simp [sub_eq_add_neg, add_assoc, add_left_comm]

Note: This linter can be disabled with `set_option linter.unusedSimpArgs false`
warning: ErdosUnitDistance/Internal/Section2Base.lean:1080:30: This simp argument is unused:
  add_assoc

Hint: Omit it from the simp argument list.
  [apply] simp [sub_eq_add_neg, add_left_comm, add_comm]

Note: This linter can be disabled with `set_option linter.unusedSimpArgs false`
warning: ErdosUnitDistance/Internal/Section2Base.lean:1080:41: This simp argument is unused:
  add_left_comm

Hint: Omit it from the simp argument list.
  [apply] simp [sub_eq_add_neg, add_assoc, add_comm]

Note: This linter can be disabled with `set_option linter.unusedSimpArgs false`
warning: ErdosUnitDistance/Internal/Section2Base.lean:1080:56: This simp argument is unused:
  add_comm

Hint: Omit it from the simp argument list.
  [apply] simp [sub_eq_add_neg, add_assoc, add_left_comm]

Note: This linter can be disabled with `set_option linter.unusedSimpArgs false`
warning: ErdosUnitDistance/Internal/Section2Base.lean:1062:62: Used `tac1 <;> tac2` where `(tac1; tac2)` would suffice

Note: This linter can be disabled with `set_option linter.unnecessarySeqFocus false`
warning: ErdosUnitDistance/Internal/Section2Base.lean:1063:62: Used `tac1 <;> tac2` where `(tac1; tac2)` would suffice

Note: This linter can be disabled with `set_option linter.unnecessarySeqFocus false`
warning: ErdosUnitDistance/Internal/Section2Base.lean:1144:2: try 'simp' instead of 'simpa'

Note: This linter can be disabled with `set_option linter.unnecessarySimpa false`
⚠ [10320/10329] Replayed ErdosUnitDistance.Internal.Section2Arithmetic
warning: ErdosUnitDistance/Internal/Section2Arithmetic.lean:60:4: Try this: 
  letI̵

The goal is a proposition, so `let` is preferred over `letI`.
The difference between `let` and `letI` is that `letI` inlines the value.
But this is not relevant for proofs because of proof irrelevance.

Note: This linter can be disabled with `set_option linter.style.haveILetI false`
warning: ErdosUnitDistance/Internal/Section2Arithmetic.lean:91:6: try 'simp' instead of 'simpa'

Note: This linter can be disabled with `set_option linter.unnecessarySimpa false`
warning: ErdosUnitDistance/Internal/Section2Arithmetic.lean:146:4: try 'simp' instead of 'simpa'

Note: This linter can be disabled with `set_option linter.unnecessarySimpa false`
warning: ErdosUnitDistance/Internal/Section2Arithmetic.lean:223:14: try 'simp' instead of 'simpa'

Note: This linter can be disabled with `set_option linter.unnecessarySimpa false`
warning: ErdosUnitDistance/Internal/Section2Arithmetic.lean:240:12: try 'simp' instead of 'simpa'

Note: This linter can be disabled with `set_option linter.unnecessarySimpa false`
warning: ErdosUnitDistance/Internal/Section2Arithmetic.lean:197:37: This simp argument is unused:
  σ

Hint: Omit it from the simp argument list.
  [apply] simp [proposition_2_2_conjIdeal, Ideal.map_mul, Ideal.map_span, Set.image_singleton] at h'

Note: This linter can be disabled with `set_option linter.unusedSimpArgs false`
warning: ErdosUnitDistance/Internal/Section2Arithmetic.lean:204:37: This simp argument is unused:
  σ

Hint: Omit it from the simp argument list.
  [apply] simp [proposition_2_2_conjIdeal, Ideal.map_mul, Ideal.map_span, Set.image_singleton] at h'

Note: This linter can be disabled with `set_option linter.unusedSimpArgs false`
warning: ErdosUnitDistance/Internal/Section2Arithmetic.lean:339:2: Try this: 
  letI̵

The goal is a proposition, so `let` is preferred over `letI`.
The difference between `let` and `letI` is that `letI` inlines the value.
But this is not relevant for proofs because of proof irrelevance.

Note: This linter can be disabled with `set_option linter.style.haveILetI false`
warning: ErdosUnitDistance/Internal/Section2Arithmetic.lean:344:46: `coe_primesOverFinset` has been deprecated: Use `IsDedekindDomain.coe_primesOverFinset` instead
warning: ErdosUnitDistance/Internal/Section2Arithmetic.lean:352:21: `Ideal.Factors.ne_bot` has been deprecated: Use results of RingTheory.RamificationInertia.Basic
warning: ErdosUnitDistance/Internal/Section2Arithmetic.lean:355:21: `Ideal.Factors.isPrime` has been deprecated: Use results of RingTheory.RamificationInertia.Basic
warning: ErdosUnitDistance/Internal/Section2Arithmetic.lean:365:13: `mem_primesOverFinset_iff` has been deprecated: Use `IsDedekindDomain.mem_primesOverFinset_iff` instead
warning: ErdosUnitDistance/Internal/Section2Arithmetic.lean:365:76: try 'simp' instead of 'simpa'

Note: This linter can be disabled with `set_option linter.unnecessarySimpa false`
warning: ErdosUnitDistance/Internal/Section2Arithmetic.lean:377:15: `mem_primesOverFinset_iff` has been deprecated: Use `IsDedekindDomain.mem_primesOverFinset_iff` instead
warning: ErdosUnitDistance/Internal/Section2Arithmetic.lean:402:70: `prod_normalizedFactors_eq_self` has been deprecated: Use `Ideal.prod_normalizedFactors_eq_self` instead
warning: ErdosUnitDistance/Internal/Section2Arithmetic.lean:473:14: try 'simp' instead of 'simpa'

Note: This linter can be disabled with `set_option linter.unnecessarySimpa false`
warning: ErdosUnitDistance/Internal/Section2Arithmetic.lean:645:2: Try this: 
  letI̵

The goal is a proposition, so `let` is preferred over `letI`.
The difference between `let` and `letI` is that `letI` inlines the value.
But this is not relevant for proofs because of proof irrelevance.

Note: This linter can be disabled with `set_option linter.style.haveILetI false`
warning: ErdosUnitDistance/Internal/Section2Arithmetic.lean:646:2: Try this: 
  letI̵

The goal is a proposition, so `let` is preferred over `letI`.
The difference between `let` and `letI` is that `letI` inlines the value.
But this is not relevant for proofs because of proof irrelevance.

Note: This linter can be disabled with `set_option linter.style.haveILetI false`
warning: ErdosUnitDistance/Internal/Section2Arithmetic.lean:647:2: Try this: 
  letI̵

The goal is a proposition, so `let` is preferred over `letI`.
The difference between `let` and `letI` is that `letI` inlines the value.
But this is not relevant for proofs because of proof irrelevance.

Note: This linter can be disabled with `set_option linter.style.haveILetI false`
warning: ErdosUnitDistance/Internal/Section2Arithmetic.lean:649:2: Try this: 
  letI̵

The goal is a proposition, so `let` is preferred over `letI`.
The difference between `let` and `letI` is that `letI` inlines the value.
But this is not relevant for proofs because of proof irrelevance.

Note: This linter can be disabled with `set_option linter.style.haveILetI false`
warning: ErdosUnitDistance/Internal/Section2Arithmetic.lean:650:2: Try this: 
  letI̵

The goal is a proposition, so `let` is preferred over `letI`.
The difference between `let` and `letI` is that `letI` inlines the value.
But this is not relevant for proofs because of proof irrelevance.

Note: This linter can be disabled with `set_option linter.style.haveILetI false`
warning: ErdosUnitDistance/Internal/Section2Arithmetic.lean:651:2: Try this: 
  letI̵

The goal is a proposition, so `let` is preferred over `letI`.
The difference between `let` and `letI` is that `letI` inlines the value.
But this is not relevant for proofs because of proof irrelevance.

Note: This linter can be disabled with `set_option linter.style.haveILetI false`
warning: ErdosUnitDistance/Internal/Section2Arithmetic.lean:696:8: try 'simp' instead of 'simpa'

Note: This linter can be disabled with `set_option linter.unnecessarySimpa false`
warning: ErdosUnitDistance/Internal/Section2Arithmetic.lean:699:8: try 'simp' instead of 'simpa'

Note: This linter can be disabled with `set_option linter.unnecessarySimpa false`
warning: ErdosUnitDistance/Internal/Section2Arithmetic.lean:716:6: try 'simp' instead of 'simpa'

Note: This linter can be disabled with `set_option linter.unnecessarySimpa false`
warning: ErdosUnitDistance/Internal/Section2Arithmetic.lean:719:4: try 'simp' instead of 'simpa'

Note: This linter can be disabled with `set_option linter.unnecessarySimpa false`
warning: ErdosUnitDistance/Internal/Section2Arithmetic.lean:726:6: try 'simp' instead of 'simpa'

Note: This linter can be disabled with `set_option linter.unnecessarySimpa false`
warning: ErdosUnitDistance/Internal/Section2Arithmetic.lean:744:6: try 'simp' instead of 'simpa'

Note: This linter can be disabled with `set_option linter.unnecessarySimpa false`
warning: ErdosUnitDistance/Internal/Section2Arithmetic.lean:803:2: Try this: 
  letI̵

The goal is a proposition, so `let` is preferred over `letI`.
The difference between `let` and `letI` is that `letI` inlines the value.
But this is not relevant for proofs because of proof irrelevance.

Note: This linter can be disabled with `set_option linter.style.haveILetI false`
warning: ErdosUnitDistance/Internal/Section2Arithmetic.lean:804:2: Try this: 
  letI̵

The goal is a proposition, so `let` is preferred over `letI`.
The difference between `let` and `letI` is that `letI` inlines the value.
But this is not relevant for proofs because of proof irrelevance.

Note: This linter can be disabled with `set_option linter.style.haveILetI false`
warning: ErdosUnitDistance/Internal/Section2Arithmetic.lean:805:2: Try this: 
  letI̵

The goal is a proposition, so `let` is preferred over `letI`.
The difference between `let` and `letI` is that `letI` inlines the value.
But this is not relevant for proofs because of proof irrelevance.

Note: This linter can be disabled with `set_option linter.style.haveILetI false`
warning: ErdosUnitDistance/Internal/Section2Arithmetic.lean:945:4: try 'simp' instead of 'simpa'

Note: This linter can be disabled with `set_option linter.unnecessarySimpa false`
warning: ErdosUnitDistance/Internal/Section2Arithmetic.lean:957:22: try 'simp' instead of 'simpa'

Note: This linter can be disabled with `set_option linter.unnecessarySimpa false`
warning: ErdosUnitDistance/Internal/Section2Arithmetic.lean:961:22: try 'simp' instead of 'simpa'

Note: This linter can be disabled with `set_option linter.unnecessarySimpa false`
warning: ErdosUnitDistance/Internal/Section2Arithmetic.lean:970:21: `prod_normalizedFactors_eq_self` has been deprecated: Use `Ideal.prod_normalizedFactors_eq_self` instead
warning: ErdosUnitDistance/Internal/Section2Arithmetic.lean:1005:4: Try this: 
  haveI̵

The goal is a proposition, so `have` is preferred over `haveI`.
The difference between `have` and `haveI` is that `haveI` inlines the value.
But this is not relevant for proofs because of proof irrelevance.

Note: This linter can be disabled with `set_option linter.style.haveILetI false`
warning: ErdosUnitDistance/Internal/Section2Arithmetic.lean:1015:36: try 'simp' instead of 'simpa'

Note: This linter can be disabled with `set_option linter.unnecessarySimpa false`
warning: ErdosUnitDistance/Internal/Section2Arithmetic.lean:1036:8: Try this: 
  haveI̵

The goal is a proposition, so `have` is preferred over `haveI`.
The difference between `have` and `haveI` is that `haveI` inlines the value.
But this is not relevant for proofs because of proof irrelevance.

Note: This linter can be disabled with `set_option linter.style.haveILetI false`
warning: ErdosUnitDistance/Internal/Section2Arithmetic.lean:1038:36: try 'simp' instead of 'simpa'

Note: This linter can be disabled with `set_option linter.unnecessarySimpa false`
warning: ErdosUnitDistance/Internal/Section2Arithmetic.lean:1040:8: Try this: 
  haveI̵

The goal is a proposition, so `have` is preferred over `haveI`.
The difference between `have` and `haveI` is that `haveI` inlines the value.
But this is not relevant for proofs because of proof irrelevance.

Note: This linter can be disabled with `set_option linter.style.haveILetI false`
warning: ErdosUnitDistance/Internal/Section2Arithmetic.lean:1046:10: Try this: 
  haveI̵

The goal is a proposition, so `have` is preferred over `haveI`.
The difference between `have` and `haveI` is that `haveI` inlines the value.
But this is not relevant for proofs because of proof irrelevance.

Note: This linter can be disabled with `set_option linter.style.haveILetI false`
warning: ErdosUnitDistance/Internal/Section2Arithmetic.lean:1048:68: try 'simp' instead of 'simpa'

Note: This linter can be disabled with `set_option linter.unnecessarySimpa false`
warning: ErdosUnitDistance/Internal/Section2Arithmetic.lean:1050:10: Try this: 
  haveI̵

The goal is a proposition, so `have` is preferred over `haveI`.
The difference between `have` and `haveI` is that `haveI` inlines the value.
But this is not relevant for proofs because of proof irrelevance.

Note: This linter can be disabled with `set_option linter.style.haveILetI false`
warning: ErdosUnitDistance/Internal/Section2Arithmetic.lean:1207:12: Try `simp at hk` instead of `simpa using hk`

Note: This linter can be disabled with `set_option linter.unnecessarySimpa false`
warning: ErdosUnitDistance/Internal/Section2Arithmetic.lean:1227:12: Try `simp at hk` instead of `simpa using hk`

Note: This linter can be disabled with `set_option linter.unnecessarySimpa false`
warning: ErdosUnitDistance/Internal/Section2Arithmetic.lean:1247:25: This simp argument is unused:
  hconj_conj

Hint: Omit it from the simp argument list.
  [apply] simp [F, G, C, hε, mul_comm]

Note: This linter can be disabled with `set_option linter.unusedSimpArgs false`
⚠ [10321/10329] Replayed ErdosUnitDistance.Internal.Section2
warning: ErdosUnitDistance/Internal/Section2.lean:98:4: `MeasureTheory.measure_eq_measure_of_null_diff` has been deprecated: Use `MeasureTheory.measure_eq_measure_of_null_sdiff` instead
warning: ErdosUnitDistance/Internal/Section2.lean:121:2: `push_neg` has been deprecated. Prefer using `push Not` instead.
If you'd rather continue using `push_neg` in your project, you can implement it as follows:
```
open Lean.Parser.Tactic in
macro "push_neg" cfg:optConfig loc:(location)? : tactic =>
  `(tactic| push $cfg:optConfig Not $[$loc]?)
```
warning: ErdosUnitDistance/Internal/Section2.lean:198:2: try 'simp' instead of 'simpa'

Note: This linter can be disabled with `set_option linter.unnecessarySimpa false`
warning: ErdosUnitDistance/Internal/Section2.lean:206:2: Try this: 
  letI̵

The goal is a proposition, so `let` is preferred over `letI`.
The difference between `let` and `letI` is that `letI` inlines the value.
But this is not relevant for proofs because of proof irrelevance.

Note: This linter can be disabled with `set_option linter.style.haveILetI false`
warning: ErdosUnitDistance/Internal/Section2.lean:207:2: Try this: 
  letI̵

The goal is a proposition, so `let` is preferred over `letI`.
The difference between `let` and `letI` is that `letI` inlines the value.
But this is not relevant for proofs because of proof irrelevance.

Note: This linter can be disabled with `set_option linter.style.haveILetI false`
warning: ErdosUnitDistance/Internal/Section2.lean:274:4: try 'simp' instead of 'simpa'

Note: This linter can be disabled with `set_option linter.unnecessarySimpa false`
warning: ErdosUnitDistance/Internal/Section2.lean:285:26: `Measurable.ennreal_tsum` has been deprecated: Use `Measurable.tsum` from `Mathlib.MeasureTheory.Constructions.Polish.Basic` instead
warning: ErdosUnitDistance/Internal/Section2.lean:301:2: Try this: 
  letI̵

The goal is a proposition, so `let` is preferred over `letI`.
The difference between `let` and `letI` is that `letI` inlines the value.
But this is not relevant for proofs because of proof irrelevance.

Note: This linter can be disabled with `set_option linter.style.haveILetI false`
warning: ErdosUnitDistance/Internal/Section2.lean:302:2: Try this: 
  letI̵

The goal is a proposition, so `let` is preferred over `letI`.
The difference between `let` and `letI` is that `letI` inlines the value.
But this is not relevant for proofs because of proof irrelevance.

Note: This linter can be disabled with `set_option linter.style.haveILetI false`
warning: ErdosUnitDistance/Internal/Section2.lean:369:26: `Measurable.ennreal_tsum` has been deprecated: Use `Measurable.tsum` from `Mathlib.MeasureTheory.Constructions.Polish.Basic` instead
warning: ErdosUnitDistance/Internal/Section2.lean:299:70: Variable name `hR` is not explicitly referenced.

Hint: The binding can be removed (if unused) or named `_` (if used implicitly). Alternatively, prefix the name with `_` to silence this warning:
  [apply] _hR

Note: This linter can be disabled with `set_option linter.unusedVariables false`
warning: ErdosUnitDistance/Internal/Section2.lean:410:58: This simp argument is unused:
  Fin.prod_const

Hint: Omit it from the simp argument list.
  [apply] simp [Complex.volume_closedBall, AdmissibleDatum.b, hR, mul_comm, mul_left_comm, mul_assoc]

Note: This linter can be disabled with `set_option linter.unusedSimpArgs false`
warning: ErdosUnitDistance/Internal/Section2.lean:410:84: This simp argument is unused:
  mul_left_comm

Hint: Omit it from the simp argument list.
  [apply] simp [Complex.volume_closedBall, AdmissibleDatum.b, hR, Fin.prod_const, mul_comm, mul_assoc]

Note: This linter can be disabled with `set_option linter.unusedSimpArgs false`
warning: ErdosUnitDistance/Internal/Section2.lean:410:99: This simp argument is unused:
  mul_assoc

Hint: Omit it from the simp argument list.
  [apply] simp [Complex.volume_closedBall, AdmissibleDatum.b, hR, Fin.prod_const, mul_comm, mul_left_comm]

Note: This linter can be disabled with `set_option linter.unusedSimpArgs false`
warning: ErdosUnitDistance/Internal/Section2.lean:423:6: try 'simp' instead of 'simpa'

Note: This linter can be disabled with `set_option linter.unnecessarySimpa false`
warning: ErdosUnitDistance/Internal/Section2.lean:456:12: try 'simp' instead of 'simpa'

Note: This linter can be disabled with `set_option linter.unnecessarySimpa false`
warning: ErdosUnitDistance/Internal/Section2.lean:487:10: `AEMeasurable.ennreal_tsum` has been deprecated: Use `AEMeasurable.tsum` from `Mathlib.MeasureTheory.Constructions.Polish.Basic` instead
warning: ErdosUnitDistance/Internal/Section2.lean:413:66: Variable name `hR` is not explicitly referenced.

Hint: The binding can be removed (if unused) or named `_` (if used implicitly). Alternatively, prefix the name with `_` to silence this warning:
  [apply] _hR

Note: This linter can be disabled with `set_option linter.unusedVariables false`
warning: ErdosUnitDistance/Internal/Section2.lean:429:99: This simp argument is unused:
  hR

Hint: Omit it from the simp argument list.
  [apply] simp [B, AdmissibleDatum.closedPolydisc, supNorm_eq_norm, Metric.mem_closedBall, dist_eq_norm]

Note: This linter can be disabled with `set_option linter.unusedSimpArgs false`
warning: ErdosUnitDistance/Internal/Section2.lean:573:2: try 'simp' instead of 'simpa'

Note: This linter can be disabled with `set_option linter.unnecessarySimpa false`
warning: ErdosUnitDistance/Internal/Section2.lean:593:7: `MeasureTheory.integral_finset_sum` has been deprecated: Use `MeasureTheory.integral_finsetSum` instead
warning: ErdosUnitDistance/Internal/Section2.lean:615:8: This simp argument is unused:
  Finset.sum_const_nat

Hint: Omit it from the simp argument list.
  [apply] simp [smul_eq_mul, div_eq_mul_inv]

Note: This linter can be disabled with `set_option linter.unusedSimpArgs false`
warning: ErdosUnitDistance/Internal/Section2.lean:618:65: Variable name `hH` is not explicitly referenced.

Hint: The binding can be removed (if unused) or named `_` (if used implicitly). Alternatively, prefix the name with `_` to silence this warning:
  [apply] _hH

Note: This linter can be disabled with `set_option linter.unusedVariables false`
warning: ErdosUnitDistance/Internal/Section2.lean:809:2: try 'simp' instead of 'simpa'

Note: This linter can be disabled with `set_option linter.unnecessarySimpa false`
warning: ErdosUnitDistance/Internal/Section2.lean:913:12: try 'simp' instead of 'simpa'

Note: This linter can be disabled with `set_option linter.unnecessarySimpa false`
warning: ErdosUnitDistance/Internal/Section2.lean:917:12: try 'simp' instead of 'simpa'

Note: This linter can be disabled with `set_option linter.unnecessarySimpa false`
warning: ErdosUnitDistance/Internal/Section2.lean:931:8: try 'simp' instead of 'simpa'

Note: This linter can be disabled with `set_option linter.unnecessarySimpa false`
warning: ErdosUnitDistance/Internal/Section2.lean:943:28: This simp argument is unused:
  Nat.mul_left_comm

Hint: Omit it from the simp argument list.
  [apply] simp [Nat.mul_comm, Nat.mul_assoc]

Note: This linter can be disabled with `set_option linter.unusedSimpArgs false`
warning: ErdosUnitDistance/Internal/Section2.lean:943:47: This simp argument is unused:
  Nat.mul_assoc

Hint: Omit it from the simp argument list.
  [apply] simp [Nat.mul_comm, Nat.mul_left_comm]

Note: This linter can be disabled with `set_option linter.unusedSimpArgs false`
warning: ErdosUnitDistance/Internal/Section2.lean:1238:4: try 'simp' instead of 'simpa'

Note: This linter can be disabled with `set_option linter.unnecessarySimpa false`
⚠ [10322/10329] Replayed ErdosUnitDistance.Internal.NumberFields.RootDiscrAdjoinI
warning: ErdosUnitDistance/Internal/NumberFields/RootDiscrAdjoinI.lean:42:6: try 'simp' instead of 'simpa'

Note: This linter can be disabled with `set_option linter.unnecessarySimpa false`
warning: ErdosUnitDistance/Internal/NumberFields/RootDiscrAdjoinI.lean:53:4: Try this: 
  letI̵

The goal is a proposition, so `let` is preferred over `letI`.
The difference between `let` and `letI` is that `letI` inlines the value.
But this is not relevant for proofs because of proof irrelevance.

Note: This linter can be disabled with `set_option linter.style.haveILetI false`
warning: ErdosUnitDistance/Internal/NumberFields/RootDiscrAdjoinI.lean:68:4: try 'simp' instead of 'simpa'

Note: This linter can be disabled with `set_option linter.unnecessarySimpa false`
warning: ErdosUnitDistance/Internal/NumberFields/RootDiscrAdjoinI.lean:111:73: This simp argument is unused:
  Polynomial.map_C

Hint: Omit it from the simp argument list.
  [apply] simp only [Polynomial.map_add, Polynomial.map_pow, Polynomial.map_X, RingHom.map_one, Polynomial.map_one]

Note: This linter can be disabled with `set_option linter.unusedSimpArgs false`
⚠ [10323/10329] Replayed ErdosUnitDistance.Internal.NumberFields.MinkowskiBoundProof
warning: ErdosUnitDistance/Internal/NumberFields/MinkowskiBoundProof.lean:2:0: Use RingTheory.RamificationInertia.Basic
'Mathlib.NumberTheory.RamificationInertia.Basic' has been deprecated: please replace this import by

import Mathlib.LinearAlgebra.Dimension.DivisionRing
import Mathlib.NumberTheory.RamificationInertia.Inertia
import Mathlib.NumberTheory.RamificationInertia.Ramification
import Mathlib.RingTheory.Ideal.Norm.AbsNorm
warning: ErdosUnitDistance/Internal/NumberFields/MinkowskiBoundProof.lean:61:5: `Ideal.finite_setOf_absNorm_le₀` has been deprecated: Use `Ideal.finite_setOfPred_absNorm_le₀` instead
warning: ErdosUnitDistance/Internal/NumberFields/MinkowskiBoundProof.lean:58:2: Try this: 
  letI̵

The goal is a proposition, so `let` is preferred over `letI`.
The difference between `let` and `letI` is that `letI` inlines the value.
But this is not relevant for proofs because of proof irrelevance.

Note: This linter can be disabled with `set_option linter.style.haveILetI false`
warning: ErdosUnitDistance/Internal/NumberFields/MinkowskiBoundProof.lean:71:2: Try this: 
  letI̵

The goal is a proposition, so `let` is preferred over `letI`.
The difference between `let` and `letI` is that `letI` inlines the value.
But this is not relevant for proofs because of proof irrelevance.

Note: This linter can be disabled with `set_option linter.style.haveILetI false`
warning: ErdosUnitDistance/Internal/NumberFields/MinkowskiBoundProof.lean:106:4: try 'simp' instead of 'simpa'

Note: This linter can be disabled with `set_option linter.unnecessarySimpa false`
warning: ErdosUnitDistance/Internal/NumberFields/MinkowskiBoundProof.lean:119:26: `Ideal.finite_setOf_absNorm_eq` has been deprecated: Use `Ideal.finite_setOfPred_absNorm_eq` instead
warning: ErdosUnitDistance/Internal/NumberFields/MinkowskiBoundProof.lean:114:38: This simp argument is unused:
  Finset.mem_Icc

Hint: Omit it from the simp argument list.
  [apply] simp [Set.coe_eq_subtype]

Note: This linter can be disabled with `set_option linter.unusedSimpArgs false`
warning: ErdosUnitDistance/Internal/NumberFields/MinkowskiBoundProof.lean:152:13: This simp argument is unused:
  Real.rpow_natCast

Hint: Omit it from the simp argument list.
  [apply] simp [a]

Note: This linter can be disabled with `set_option linter.unusedSimpArgs false`
warning: ErdosUnitDistance/Internal/NumberFields/MinkowskiBoundProof.lean:361:52: This simp argument is unused:
  sup_comm

Hint: Omit it from the simp argument list.
  [apply] simp [J, L, sup_assoc, sup_left_comm]

Note: This linter can be disabled with `set_option linter.unusedSimpArgs false`
warning: ErdosUnitDistance/Internal/NumberFields/MinkowskiBoundProof.lean:435:52: This simp argument is unused:
  sup_comm

Hint: Omit it from the simp argument list.
  [apply] simp [J, L, sup_assoc, sup_left_comm]

Note: This linter can be disabled with `set_option linter.unusedSimpArgs false`
warning: ErdosUnitDistance/Internal/NumberFields/MinkowskiBoundProof.lean:576:4: try 'simp' instead of 'simpa'

Note: This linter can be disabled with `set_option linter.unnecessarySimpa false`
warning: ErdosUnitDistance/Internal/NumberFields/MinkowskiBoundProof.lean:581:4: Try this: 
  letI̵

The goal is a proposition, so `let` is preferred over `letI`.
The difference between `let` and `letI` is that `letI` inlines the value.
But this is not relevant for proofs because of proof irrelevance.

Note: This linter can be disabled with `set_option linter.style.haveILetI false`
warning: ErdosUnitDistance/Internal/NumberFields/MinkowskiBoundProof.lean:582:4: Try this: 
  letI̵

The goal is a proposition, so `let` is preferred over `letI`.
The difference between `let` and `letI` is that `letI` inlines the value.
But this is not relevant for proofs because of proof irrelevance.

Note: This linter can be disabled with `set_option linter.style.haveILetI false`
warning: ErdosUnitDistance/Internal/NumberFields/MinkowskiBoundProof.lean:595:4: Try this: 
  letI̵

The goal is a proposition, so `let` is preferred over `letI`.
The difference between `let` and `letI` is that `letI` inlines the value.
But this is not relevant for proofs because of proof irrelevance.

Note: This linter can be disabled with `set_option linter.style.haveILetI false`
warning: ErdosUnitDistance/Internal/NumberFields/MinkowskiBoundProof.lean:605:2: Try this: 
  letI̵

The goal is a proposition, so `let` is preferred over `letI`.
The difference between `let` and `letI` is that `letI` inlines the value.
But this is not relevant for proofs because of proof irrelevance.

Note: This linter can be disabled with `set_option linter.style.haveILetI false`
warning: ErdosUnitDistance/Internal/NumberFields/MinkowskiBoundProof.lean:606:2: Try this: 
  haveI̵

The goal is a proposition, so `have` is preferred over `haveI`.
The difference between `have` and `haveI` is that `haveI` inlines the value.
But this is not relevant for proofs because of proof irrelevance.

Note: This linter can be disabled with `set_option linter.style.haveILetI false`
warning: ErdosUnitDistance/Internal/NumberFields/MinkowskiBoundProof.lean:698:2: Try this: 
  letI̵

The goal is a proposition, so `let` is preferred over `letI`.
The difference between `let` and `letI` is that `letI` inlines the value.
But this is not relevant for proofs because of proof irrelevance.

Note: This linter can be disabled with `set_option linter.style.haveILetI false`
warning: ErdosUnitDistance/Internal/NumberFields/MinkowskiBoundProof.lean:699:2: Try this: 
  letI̵

The goal is a proposition, so `let` is preferred over `letI`.
The difference between `let` and `letI` is that `letI` inlines the value.
But this is not relevant for proofs because of proof irrelevance.

Note: This linter can be disabled with `set_option linter.style.haveILetI false`
warning: ErdosUnitDistance/Internal/NumberFields/MinkowskiBoundProof.lean:705:4: Try this: 
  letI̵

The goal is a proposition, so `let` is preferred over `letI`.
The difference between `let` and `letI` is that `letI` inlines the value.
But this is not relevant for proofs because of proof irrelevance.

Note: This linter can be disabled with `set_option linter.style.haveILetI false`
warning: ErdosUnitDistance/Internal/NumberFields/MinkowskiBoundProof.lean:732:49: `prod_normalizedFactors_eq_self` has been deprecated: Use `Ideal.prod_normalizedFactors_eq_self` instead
warning: ErdosUnitDistance/Internal/NumberFields/MinkowskiBoundProof.lean:734:19: `prod_normalizedFactors_eq_self` has been deprecated: Use `Ideal.prod_normalizedFactors_eq_self` instead
warning: ErdosUnitDistance/Internal/NumberFields/MinkowskiBoundProof.lean:733:47: try 'simp' instead of 'simpa'

Note: This linter can be disabled with `set_option linter.unnecessarySimpa false`
warning: ErdosUnitDistance/Internal/NumberFields/MinkowskiBoundProof.lean:746:84: `prod_normalizedFactors_eq_self` has been deprecated: Use `Ideal.prod_normalizedFactors_eq_self` instead
warning: ErdosUnitDistance/Internal/NumberFields/MinkowskiBoundProof.lean:759:6: try 'simp' instead of 'simpa'

Note: This linter can be disabled with `set_option linter.unnecessarySimpa false`
warning: ErdosUnitDistance/Internal/NumberFields/MinkowskiBoundProof.lean:826:10: This simp argument is unused:
  Real.rpow_natCast

Hint: Omit it from the simp argument list.
  [apply] simp

Note: This linter can be disabled with `set_option linter.unusedSimpArgs false`
warning: ErdosUnitDistance/Internal/NumberFields/MinkowskiBoundProof.lean:884:2: Try this: 
  letI̵

The goal is a proposition, so `let` is preferred over `letI`.
The difference between `let` and `letI` is that `letI` inlines the value.
But this is not relevant for proofs because of proof irrelevance.

Note: This linter can be disabled with `set_option linter.style.haveILetI false`
warning: ErdosUnitDistance/Internal/NumberFields/MinkowskiBoundProof.lean:885:2: Try this: 
  letI̵

The goal is a proposition, so `let` is preferred over `letI`.
The difference between `let` and `letI` is that `letI` inlines the value.
But this is not relevant for proofs because of proof irrelevance.

Note: This linter can be disabled with `set_option linter.style.haveILetI false`
warning: ErdosUnitDistance/Internal/NumberFields/MinkowskiBoundProof.lean:894:29: `Ideal.finite_setOf_absNorm_eq` has been deprecated: Use `Ideal.finite_setOfPred_absNorm_eq` instead
warning: ErdosUnitDistance/Internal/NumberFields/MinkowskiBoundProof.lean:894:4: Try this: 
  letI̵

The goal is a proposition, so `let` is preferred over `letI`.
The difference between `let` and `letI` is that `letI` inlines the value.
But this is not relevant for proofs because of proof irrelevance.

Note: This linter can be disabled with `set_option linter.style.haveILetI false`
warning: ErdosUnitDistance/Internal/NumberFields/MinkowskiBoundProof.lean:916:7: `Ideal.card_primesOverFinset_le_finrank` has been deprecated: Use results of RingTheory.RamificationInertia.Basic
warning: ErdosUnitDistance/Internal/NumberFields/MinkowskiBoundProof.lean:932:4: try 'simp' instead of 'simpa'

Note: This linter can be disabled with `set_option linter.unnecessarySimpa false`
warning: ErdosUnitDistance/Internal/NumberFields/MinkowskiBoundProof.lean:938:6: try 'simp' instead of 'simpa'

Note: This linter can be disabled with `set_option linter.unnecessarySimpa false`
warning: ErdosUnitDistance/Internal/NumberFields/MinkowskiBoundProof.lean:930:18: This simp argument is unused:
  hm

Hint: Omit it from the simp argument list.
  [apply] simp [hn, Nat.cast_mul, mul_pow, one_div, mul_comm, mul_left_comm, mul_assoc]

Note: This linter can be disabled with `set_option linter.unusedSimpArgs false`
warning: ErdosUnitDistance/Internal/NumberFields/MinkowskiBoundProof.lean:930:22: This simp argument is unused:
  hn

Hint: Omit it from the simp argument list.
  [apply] simp [hm, Nat.cast_mul, mul_pow, one_div, mul_comm, mul_left_comm, mul_assoc]

Note: This linter can be disabled with `set_option linter.unusedSimpArgs false`
warning: ErdosUnitDistance/Internal/NumberFields/MinkowskiBoundProof.lean:930:68: This simp argument is unused:
  mul_left_comm

Hint: Omit it from the simp argument list.
  [apply] simp [hm, hn, Nat.cast_mul, mul_pow, one_div, mul_comm, mul_assoc]

Note: This linter can be disabled with `set_option linter.unusedSimpArgs false`
warning: ErdosUnitDistance/Internal/NumberFields/MinkowskiBoundProof.lean:930:83: This simp argument is unused:
  mul_assoc

Hint: Omit it from the simp argument list.
  [apply] simp [hm, hn, Nat.cast_mul, mul_pow, one_div, mul_comm, mul_left_comm]

Note: This linter can be disabled with `set_option linter.unusedSimpArgs false`
warning: ErdosUnitDistance/Internal/NumberFields/MinkowskiBoundProof.lean:1001:4: try 'simp' instead of 'simpa'

Note: This linter can be disabled with `set_option linter.unnecessarySimpa false`
warning: ErdosUnitDistance/Internal/NumberFields/MinkowskiBoundProof.lean:1029:8: try 'simp' instead of 'simpa'

Note: This linter can be disabled with `set_option linter.unnecessarySimpa false`
warning: ErdosUnitDistance/Internal/NumberFields/MinkowskiBoundProof.lean:1016:13: This simp argument is unused:
  Real.rpow_neg hp

Hint: Omit it from the simp argument list.
  [apply] simp [g, Complex.cpow_neg, Complex.cpow_natCast, Complex.ofReal_cpow hp, Complex.ofReal_inv,
    Complex.ofReal_sub]

Note: This linter can be disabled with `set_option linter.unusedSimpArgs false`
warning: ErdosUnitDistance/Internal/NumberFields/MinkowskiBoundProof.lean:1016:49: This simp argument is unused:
  Complex.cpow_natCast

Hint: Omit it from the simp argument list.
  [apply] simp [g, Real.rpow_neg hp, Complex.cpow_neg, Complex.ofReal_cpow hp, Complex.ofReal_inv, Complex.ofReal_sub]

Note: This linter can be disabled with `set_option linter.unusedSimpArgs false`
warning: ErdosUnitDistance/Internal/NumberFields/MinkowskiBoundProof.lean:1016:71: This simp argument is unused:
  Complex.ofReal_cpow hp

Hint: Omit it from the simp argument list.
  [apply] simp [g, Real.rpow_neg hp, Complex.cpow_neg, Complex.cpow_natCast, Complex.ofReal_inv, Complex.ofReal_sub]

Note: This linter can be disabled with `set_option linter.unusedSimpArgs false`
warning: ErdosUnitDistance/Internal/NumberFields/MinkowskiBoundProof.lean:1209:14: try 'simp' instead of 'simpa'

Note: This linter can be disabled with `set_option linter.unnecessarySimpa false`
warning: ErdosUnitDistance/Internal/NumberFields/MinkowskiBoundProof.lean:1251:14: try 'simp' instead of 'simpa'

Note: This linter can be disabled with `set_option linter.unnecessarySimpa false`
⚠ [10326/10329] Replayed ErdosUnitDistance.TowerBridge
warning: ErdosUnitDistance/TowerBridge.lean:36:2: Try this: 
  haveI̵

The goal is a proposition, so `have` is preferred over `haveI`.
The difference between `have` and `haveI` is that `haveI` inlines the value.
But this is not relevant for proofs because of proof irrelevance.

Note: This linter can be disabled with `set_option linter.style.haveILetI false`
warning: ErdosUnitDistance/TowerBridge.lean:47:2: Try this: 
  haveI̵

The goal is a proposition, so `have` is preferred over `haveI`.
The difference between `have` and `haveI` is that `haveI` inlines the value.
But this is not relevant for proofs because of proof irrelevance.

Note: This linter can be disabled with `set_option linter.style.haveILetI false`
warning: ErdosUnitDistance/TowerBridge.lean:85:2: Try this: 
  haveI̵

The goal is a proposition, so `have` is preferred over `haveI`.
The difference between `have` and `haveI` is that `haveI` inlines the value.
But this is not relevant for proofs because of proof irrelevance.

Note: This linter can be disabled with `set_option linter.style.haveILetI false`
warning: ErdosUnitDistance/TowerBridge.lean:86:2: Try this: 
  haveI̵

The goal is a proposition, so `have` is preferred over `haveI`.
The difference between `have` and `haveI` is that `haveI` inlines the value.
But this is not relevant for proofs because of proof irrelevance.

Note: This linter can be disabled with `set_option linter.style.haveILetI false`
warning: ErdosUnitDistance/TowerBridge.lean:121:6: Try this: 
  letI̵

The goal is a proposition, so `let` is preferred over `letI`.
The difference between `let` and `letI` is that `letI` inlines the value.
But this is not relevant for proofs because of proof irrelevance.

Note: This linter can be disabled with `set_option linter.style.haveILetI false`
warning: ErdosUnitDistance/TowerBridge.lean:122:6: Try this: 
  letI̵

The goal is a proposition, so `let` is preferred over `letI`.
The difference between `let` and `letI` is that `letI` inlines the value.
But this is not relevant for proofs because of proof irrelevance.

Note: This linter can be disabled with `set_option linter.style.haveILetI false`
warning: ErdosUnitDistance/TowerBridge.lean:221:4: Try this: 
  letI̵

The goal is a proposition, so `let` is preferred over `letI`.
The difference between `let` and `letI` is that `letI` inlines the value.
But this is not relevant for proofs because of proof irrelevance.

Note: This linter can be disabled with `set_option linter.style.haveILetI false`
warning: ErdosUnitDistance/TowerBridge.lean:222:4: Try this: 
  letI̵

The goal is a proposition, so `let` is preferred over `letI`.
The difference between `let` and `letI` is that `letI` inlines the value.
But this is not relevant for proofs because of proof irrelevance.

Note: This linter can be disabled with `set_option linter.style.haveILetI false`
warning: ErdosUnitDistance/TowerBridge.lean:223:4: Try this: 
  letI̵

The goal is a proposition, so `let` is preferred over `letI`.
The difference between `let` and `letI` is that `letI` inlines the value.
But this is not relevant for proofs because of proof irrelevance.

Note: This linter can be disabled with `set_option linter.style.haveILetI false`
warning: ErdosUnitDistance/TowerBridge.lean:224:4: Try this: 
  letI̵

The goal is a proposition, so `let` is preferred over `letI`.
The difference between `let` and `letI` is that `letI` inlines the value.
But this is not relevant for proofs because of proof irrelevance.

Note: This linter can be disabled with `set_option linter.style.haveILetI false`
ℹ [10327/10329] Built Jsp108.Main (15s)
info: Jsp108/Main.lean:28:0: 'Jsp108.unit_distance_fixed_power' depends on axioms: [propext, Classical.choice, Quot.sound]
info: Jsp108/Main.lean:29:0: 'Jsp108.jsp_000108' depends on axioms: [propext, Classical.choice, Quot.sound]
info: Jsp108/Main.lean:30:0: 'Jsp108.jsp_000108_eventually' depends on axioms: [propext, Classical.choice, Quot.sound]
✔ [10328/10329] Built Jsp108 (14s)
Build completed successfully (10329 jobs).
